[2025-10-30T15:52:54.688+0000] {taskinstance.py:1956} INFO - Dependencies all met for dep_context=non-requeueable deps ti=<TaskInstance: reddit_pipeline_dag.fetch_reddit_posts scheduled__2025-10-30T14:00:00+00:00 [queued]>
[2025-10-30T15:52:54.701+0000] {taskinstance.py:1956} INFO - Dependencies all met for dep_context=requeueable deps ti=<TaskInstance: reddit_pipeline_dag.fetch_reddit_posts scheduled__2025-10-30T14:00:00+00:00 [queued]>
[2025-10-30T15:52:54.702+0000] {taskinstance.py:2170} INFO - Starting attempt 1 of 2
[2025-10-30T15:52:54.725+0000] {taskinstance.py:2191} INFO - Executing <Task(PythonOperator): fetch_reddit_posts> on 2025-10-30 14:00:00+00:00
[2025-10-30T15:52:54.735+0000] {standard_task_runner.py:60} INFO - Started process 229 to run task
[2025-10-30T15:52:54.740+0000] {standard_task_runner.py:87} INFO - Running: ['***', 'tasks', 'run', 'reddit_pipeline_dag', 'fetch_reddit_posts', 'scheduled__2025-10-30T14:00:00+00:00', '--job-id', '32', '--raw', '--subdir', 'DAGS_FOLDER/reddit_pipeline_dag.py', '--cfg-path', '/tmp/tmpo6c65q24']
[2025-10-30T15:52:54.744+0000] {standard_task_runner.py:88} INFO - Job 32: Subtask fetch_reddit_posts
[2025-10-30T15:52:54.812+0000] {task_command.py:423} INFO - Running <TaskInstance: reddit_pipeline_dag.fetch_reddit_posts scheduled__2025-10-30T14:00:00+00:00 [running]> on host 45570051ff6d
[2025-10-30T15:52:54.935+0000] {taskinstance.py:2480} INFO - Exporting env vars: AIRFLOW_CTX_DAG_OWNER='loic_valentini' AIRFLOW_CTX_DAG_ID='reddit_pipeline_dag' AIRFLOW_CTX_TASK_ID='fetch_reddit_posts' AIRFLOW_CTX_EXECUTION_DATE='2025-10-30T14:00:00+00:00' AIRFLOW_CTX_TRY_NUMBER='1' AIRFLOW_CTX_DAG_RUN_ID='scheduled__2025-10-30T14:00:00+00:00'
[2025-10-30T15:52:54.937+0000] {reddit_pipeline_dag.py:30} INFO - 🚀 Lancement de Ingestion des posts Reddit ...
[2025-10-30T15:52:54.938+0000] {logging_mixin.py:188} INFO - 🚀 Lancement de Ingestion des posts Reddit ...
[2025-10-30T15:52:58.481+0000] {reddit_pipeline_dag.py:48} INFO - 🔄 Lancement de la collecte Reddit...
✅ 100 posts récupérés depuis r/lakers
💾 Données sauvegardées dans /opt/***/data/raw/reddit_lakers_20251030_155258.csv
✅ Fin du script : 100 posts enregistrés avec succès.

[2025-10-30T15:52:58.482+0000] {logging_mixin.py:188} INFO - 🔄 Lancement de la collecte Reddit...
✅ 100 posts récupérés depuis r/lakers
💾 Données sauvegardées dans /opt/***/data/raw/reddit_lakers_20251030_155258.csv
✅ Fin du script : 100 posts enregistrés avec succès.
[2025-10-30T15:52:58.483+0000] {logging_mixin.py:188} INFO - ✅ Ingestion des posts Reddit terminé avec succès.
[2025-10-30T15:52:58.484+0000] {python.py:201} INFO - Done. Returned value was: True
[2025-10-30T15:52:58.510+0000] {taskinstance.py:1138} INFO - Marking task as SUCCESS. dag_id=reddit_pipeline_dag, task_id=fetch_reddit_posts, execution_date=20251030T140000, start_date=20251030T155254, end_date=20251030T155258
[2025-10-30T15:52:58.563+0000] {local_task_job_runner.py:234} INFO - Task exited with return code 0
[2025-10-30T15:52:58.594+0000] {taskinstance.py:3280} INFO - 0 downstream tasks scheduled from follow-on schedule check
[2025-10-30T15:59:10.514+0000] {taskinstance.py:1956} INFO - Dependencies all met for dep_context=non-requeueable deps ti=<TaskInstance: reddit_pipeline_dag.fetch_reddit_posts scheduled__2025-10-30T14:00:00+00:00 [queued]>
[2025-10-30T15:59:10.521+0000] {taskinstance.py:1956} INFO - Dependencies all met for dep_context=requeueable deps ti=<TaskInstance: reddit_pipeline_dag.fetch_reddit_posts scheduled__2025-10-30T14:00:00+00:00 [queued]>
[2025-10-30T15:59:10.522+0000] {taskinstance.py:2170} INFO - Starting attempt 1 of 2
[2025-10-30T15:59:10.532+0000] {taskinstance.py:2191} INFO - Executing <Task(PythonOperator): fetch_reddit_posts> on 2025-10-30 14:00:00+00:00
[2025-10-30T15:59:10.539+0000] {standard_task_runner.py:60} INFO - Started process 471 to run task
[2025-10-30T15:59:10.542+0000] {standard_task_runner.py:87} INFO - Running: ['***', 'tasks', 'run', 'reddit_pipeline_dag', 'fetch_reddit_posts', 'scheduled__2025-10-30T14:00:00+00:00', '--job-id', '39', '--raw', '--subdir', 'DAGS_FOLDER/reddit_pipeline_dag.py', '--cfg-path', '/tmp/tmph2dh6rc1']
[2025-10-30T15:59:10.544+0000] {standard_task_runner.py:88} INFO - Job 39: Subtask fetch_reddit_posts
[2025-10-30T15:59:10.584+0000] {task_command.py:423} INFO - Running <TaskInstance: reddit_pipeline_dag.fetch_reddit_posts scheduled__2025-10-30T14:00:00+00:00 [running]> on host 45570051ff6d
[2025-10-30T15:59:10.651+0000] {taskinstance.py:2480} INFO - Exporting env vars: AIRFLOW_CTX_DAG_OWNER='loic_valentini' AIRFLOW_CTX_DAG_ID='reddit_pipeline_dag' AIRFLOW_CTX_TASK_ID='fetch_reddit_posts' AIRFLOW_CTX_EXECUTION_DATE='2025-10-30T14:00:00+00:00' AIRFLOW_CTX_TRY_NUMBER='1' AIRFLOW_CTX_DAG_RUN_ID='scheduled__2025-10-30T14:00:00+00:00'
[2025-10-30T15:59:10.654+0000] {reddit_pipeline_dag.py:30} INFO - 🚀 Lancement de Ingestion des posts Reddit ...
[2025-10-30T15:59:10.655+0000] {logging_mixin.py:188} INFO - 🚀 Lancement de Ingestion des posts Reddit ...
[2025-10-30T15:59:12.988+0000] {reddit_pipeline_dag.py:48} INFO - 🔄 Lancement de la collecte Reddit...
✅ 100 posts récupérés depuis r/lakers
💾 Données sauvegardées dans /opt/***/data/raw/reddit_lakers_20251030_155912.csv
✅ Fin du script : 100 posts enregistrés avec succès.

[2025-10-30T15:59:12.989+0000] {logging_mixin.py:188} INFO - 🔄 Lancement de la collecte Reddit...
✅ 100 posts récupérés depuis r/lakers
💾 Données sauvegardées dans /opt/***/data/raw/reddit_lakers_20251030_155912.csv
✅ Fin du script : 100 posts enregistrés avec succès.
[2025-10-30T15:59:12.989+0000] {logging_mixin.py:188} INFO - ✅ Ingestion des posts Reddit terminé avec succès.
[2025-10-30T15:59:12.990+0000] {python.py:201} INFO - Done. Returned value was: True
[2025-10-30T15:59:13.012+0000] {taskinstance.py:1138} INFO - Marking task as SUCCESS. dag_id=reddit_pipeline_dag, task_id=fetch_reddit_posts, execution_date=20251030T140000, start_date=20251030T155910, end_date=20251030T155913
[2025-10-30T15:59:13.047+0000] {local_task_job_runner.py:234} INFO - Task exited with return code 0
[2025-10-30T15:59:13.069+0000] {taskinstance.py:3280} INFO - 1 downstream tasks scheduled from follow-on schedule check
