[2025-10-30T15:53:35.493+0000] {taskinstance.py:1956} INFO - Dependencies all met for dep_context=non-requeueable deps ti=<TaskInstance: reddit_pipeline_dag.clean_reddit_data manual__2025-10-30T15:53:31.345578+00:00 [queued]>
[2025-10-30T15:53:35.502+0000] {taskinstance.py:1956} INFO - Dependencies all met for dep_context=requeueable deps ti=<TaskInstance: reddit_pipeline_dag.clean_reddit_data manual__2025-10-30T15:53:31.345578+00:00 [queued]>
[2025-10-30T15:53:35.502+0000] {taskinstance.py:2170} INFO - Starting attempt 1 of 2
[2025-10-30T15:53:35.512+0000] {taskinstance.py:2191} INFO - Executing <Task(PythonOperator): clean_reddit_data> on 2025-10-30 15:53:31.345578+00:00
[2025-10-30T15:53:35.520+0000] {standard_task_runner.py:60} INFO - Started process 338 to run task
[2025-10-30T15:53:35.523+0000] {standard_task_runner.py:87} INFO - Running: ['***', 'tasks', 'run', 'reddit_pipeline_dag', 'clean_reddit_data', 'manual__2025-10-30T15:53:31.345578+00:00', '--job-id', '36', '--raw', '--subdir', 'DAGS_FOLDER/reddit_pipeline_dag.py', '--cfg-path', '/tmp/tmp0eygghvh']
[2025-10-30T15:53:35.524+0000] {standard_task_runner.py:88} INFO - Job 36: Subtask clean_reddit_data
[2025-10-30T15:53:35.565+0000] {task_command.py:423} INFO - Running <TaskInstance: reddit_pipeline_dag.clean_reddit_data manual__2025-10-30T15:53:31.345578+00:00 [running]> on host 45570051ff6d
[2025-10-30T15:53:35.628+0000] {taskinstance.py:2480} INFO - Exporting env vars: AIRFLOW_CTX_DAG_OWNER='loic_valentini' AIRFLOW_CTX_DAG_ID='reddit_pipeline_dag' AIRFLOW_CTX_TASK_ID='clean_reddit_data' AIRFLOW_CTX_EXECUTION_DATE='2025-10-30T15:53:31.345578+00:00' AIRFLOW_CTX_TRY_NUMBER='1' AIRFLOW_CTX_DAG_RUN_ID='manual__2025-10-30T15:53:31.345578+00:00'
[2025-10-30T15:53:35.629+0000] {reddit_pipeline_dag.py:30} INFO - 🚀 Lancement de Nettoyage des données Reddit ...
[2025-10-30T15:53:35.629+0000] {logging_mixin.py:188} INFO - 🚀 Lancement de Nettoyage des données Reddit ...
[2025-10-30T15:53:36.271+0000] {reddit_pipeline_dag.py:48} INFO - 🆕 Fichier brut: reddit_lakers_20251030_155334.csv
📥 100 lignes importées.
🔁 Fusion avec reddit_cleaned_20251030_155259.csv (123 lignes).
📊 123 lignes après dédoublonnage.
✅ Nettoyage sauvegardé : /opt/***/data/processed/reddit_cleaned_20251030_155336.csv

[2025-10-30T15:53:36.274+0000] {logging_mixin.py:188} INFO - 🆕 Fichier brut: reddit_lakers_20251030_155334.csv
📥 100 lignes importées.
🔁 Fusion avec reddit_cleaned_20251030_155259.csv (123 lignes).
📊 123 lignes après dédoublonnage.
✅ Nettoyage sauvegardé : /opt/***/data/processed/reddit_cleaned_20251030_155336.csv
[2025-10-30T15:53:36.275+0000] {logging_mixin.py:188} INFO - ✅ Nettoyage des données Reddit terminé avec succès.
[2025-10-30T15:53:36.275+0000] {python.py:201} INFO - Done. Returned value was: True
[2025-10-30T15:53:36.296+0000] {taskinstance.py:1138} INFO - Marking task as SUCCESS. dag_id=reddit_pipeline_dag, task_id=clean_reddit_data, execution_date=20251030T155331, start_date=20251030T155335, end_date=20251030T155336
[2025-10-30T15:53:36.348+0000] {local_task_job_runner.py:234} INFO - Task exited with return code 0
[2025-10-30T15:53:36.370+0000] {taskinstance.py:3280} INFO - 1 downstream tasks scheduled from follow-on schedule check
