[2025-10-30T16:09:28.006+0000] {taskinstance.py:1956} INFO - Dependencies all met for dep_context=non-requeueable deps ti=<TaskInstance: reddit_pipeline_dag.load_to_neondb scheduled__2025-10-30T15:00:00+00:00 [queued]>
[2025-10-30T16:09:28.013+0000] {taskinstance.py:1956} INFO - Dependencies all met for dep_context=requeueable deps ti=<TaskInstance: reddit_pipeline_dag.load_to_neondb scheduled__2025-10-30T15:00:00+00:00 [queued]>
[2025-10-30T16:09:28.013+0000] {taskinstance.py:2170} INFO - Starting attempt 2 of 2
[2025-10-30T16:09:28.024+0000] {taskinstance.py:2191} INFO - Executing <Task(PythonOperator): load_to_neondb> on 2025-10-30 15:00:00+00:00
[2025-10-30T16:09:28.032+0000] {standard_task_runner.py:60} INFO - Started process 748 to run task
[2025-10-30T16:09:28.036+0000] {standard_task_runner.py:87} INFO - Running: ['***', 'tasks', 'run', 'reddit_pipeline_dag', 'load_to_neondb', 'scheduled__2025-10-30T15:00:00+00:00', '--job-id', '46', '--raw', '--subdir', 'DAGS_FOLDER/reddit_pipeline_dag.py', '--cfg-path', '/tmp/tmpkphmc6q5']
[2025-10-30T16:09:28.040+0000] {standard_task_runner.py:88} INFO - Job 46: Subtask load_to_neondb
[2025-10-30T16:09:28.089+0000] {task_command.py:423} INFO - Running <TaskInstance: reddit_pipeline_dag.load_to_neondb scheduled__2025-10-30T15:00:00+00:00 [running]> on host 45570051ff6d
[2025-10-30T16:09:28.164+0000] {taskinstance.py:2480} INFO - Exporting env vars: AIRFLOW_CTX_DAG_OWNER='loic_valentini' AIRFLOW_CTX_DAG_ID='reddit_pipeline_dag' AIRFLOW_CTX_TASK_ID='load_to_neondb' AIRFLOW_CTX_EXECUTION_DATE='2025-10-30T15:00:00+00:00' AIRFLOW_CTX_TRY_NUMBER='2' AIRFLOW_CTX_DAG_RUN_ID='scheduled__2025-10-30T15:00:00+00:00'
[2025-10-30T16:09:28.166+0000] {reddit_pipeline_dag.py:30} INFO - 🚀 Lancement de Chargement des données vers NeonDB ...
[2025-10-30T16:09:28.167+0000] {logging_mixin.py:188} INFO - 🚀 Lancement de Chargement des données vers NeonDB ...
[2025-10-30T16:09:29.015+0000] {reddit_pipeline_dag.py:44} ERROR - Traceback (most recent call last):
  File "/opt/***/src/load/load_to_neondb.py", line 13, in <module>
    raise RuntimeError("❌ DATABASE_URL non trouvée. Vérifie ton .env ou ton docker-compose.yml")
RuntimeError: ❌ DATABASE_URL non trouvée. Vérifie ton .env ou ton docker-compose.yml

[2025-10-30T16:09:29.016+0000] {logging_mixin.py:188} INFO - Traceback (most recent call last):
  File "/opt/***/src/load/load_to_neondb.py", line 13, in <module>
    raise RuntimeError("❌ DATABASE_URL non trouvée. Vérifie ton .env ou ton docker-compose.yml")
RuntimeError: ❌ DATABASE_URL non trouvée. Vérifie ton .env ou ton docker-compose.yml
[2025-10-30T16:09:29.022+0000] {taskinstance.py:2698} ERROR - Task failed with exception
Traceback (most recent call last):
  File "/home/airflow/.local/lib/python3.8/site-packages/airflow/models/taskinstance.py", line 433, in _execute_task
    result = execute_callable(context=context, **execute_callable_kwargs)
  File "/home/airflow/.local/lib/python3.8/site-packages/airflow/operators/python.py", line 199, in execute
    return_value = self.execute_callable()
  File "/home/airflow/.local/lib/python3.8/site-packages/airflow/operators/python.py", line 216, in execute_callable
    return self.python_callable(*self.op_args, **self.op_kwargs)
  File "/opt/airflow/dags/reddit_pipeline_dag.py", line 80, in <lambda>
    python_callable=lambda: run_script(
  File "/opt/airflow/dags/reddit_pipeline_dag.py", line 46, in run_script
    raise RuntimeError(f"❌ Erreur dans {description}")
RuntimeError: ❌ Erreur dans Chargement des données vers NeonDB
[2025-10-30T16:09:29.043+0000] {taskinstance.py:1138} INFO - Marking task as FAILED. dag_id=reddit_pipeline_dag, task_id=load_to_neondb, execution_date=20251030T150000, start_date=20251030T160928, end_date=20251030T160929
[2025-10-30T16:09:29.057+0000] {standard_task_runner.py:107} ERROR - Failed to execute job 46 for task load_to_neondb (❌ Erreur dans Chargement des données vers NeonDB; 748)
[2025-10-30T16:09:29.097+0000] {local_task_job_runner.py:234} INFO - Task exited with return code 1
[2025-10-30T16:09:29.119+0000] {taskinstance.py:3280} INFO - 0 downstream tasks scheduled from follow-on schedule check
