[2025-10-30T15:53:00.547+0000] {taskinstance.py:1956} INFO - Dependencies all met for dep_context=non-requeueable deps ti=<TaskInstance: reddit_pipeline_dag.load_to_neondb scheduled__2025-10-30T14:00:00+00:00 [queued]>
[2025-10-30T15:53:00.559+0000] {taskinstance.py:1956} INFO - Dependencies all met for dep_context=requeueable deps ti=<TaskInstance: reddit_pipeline_dag.load_to_neondb scheduled__2025-10-30T14:00:00+00:00 [queued]>
[2025-10-30T15:53:00.560+0000] {taskinstance.py:2170} INFO - Starting attempt 1 of 2
[2025-10-30T15:53:00.577+0000] {taskinstance.py:2191} INFO - Executing <Task(PythonOperator): load_to_neondb> on 2025-10-30 14:00:00+00:00
[2025-10-30T15:53:00.585+0000] {standard_task_runner.py:60} INFO - Started process 281 to run task
[2025-10-30T15:53:00.590+0000] {standard_task_runner.py:87} INFO - Running: ['***', 'tasks', 'run', 'reddit_pipeline_dag', 'load_to_neondb', 'scheduled__2025-10-30T14:00:00+00:00', '--job-id', '34', '--raw', '--subdir', 'DAGS_FOLDER/reddit_pipeline_dag.py', '--cfg-path', '/tmp/tmp6ppdiy_h']
[2025-10-30T15:53:00.593+0000] {standard_task_runner.py:88} INFO - Job 34: Subtask load_to_neondb
[2025-10-30T15:53:00.650+0000] {task_command.py:423} INFO - Running <TaskInstance: reddit_pipeline_dag.load_to_neondb scheduled__2025-10-30T14:00:00+00:00 [running]> on host 45570051ff6d
[2025-10-30T15:53:00.748+0000] {taskinstance.py:2480} INFO - Exporting env vars: AIRFLOW_CTX_DAG_OWNER='loic_valentini' AIRFLOW_CTX_DAG_ID='reddit_pipeline_dag' AIRFLOW_CTX_TASK_ID='load_to_neondb' AIRFLOW_CTX_EXECUTION_DATE='2025-10-30T14:00:00+00:00' AIRFLOW_CTX_TRY_NUMBER='1' AIRFLOW_CTX_DAG_RUN_ID='scheduled__2025-10-30T14:00:00+00:00'
[2025-10-30T15:53:00.749+0000] {reddit_pipeline_dag.py:30} INFO - 🚀 Lancement de Chargement des données vers NeonDB ...
[2025-10-30T15:53:00.750+0000] {logging_mixin.py:188} INFO - 🚀 Lancement de Chargement des données vers NeonDB ...
[2025-10-30T15:53:01.821+0000] {reddit_pipeline_dag.py:44} ERROR - Traceback (most recent call last):
  File "/opt/***/src/load/load_to_neondb.py", line 13, in <module>
    raise RuntimeError("❌ DATABASE_URL non trouvée. Vérifie ton .env ou ton docker-compose.yml")
RuntimeError: ❌ DATABASE_URL non trouvée. Vérifie ton .env ou ton docker-compose.yml

[2025-10-30T15:53:01.822+0000] {logging_mixin.py:188} INFO - Traceback (most recent call last):
  File "/opt/***/src/load/load_to_neondb.py", line 13, in <module>
    raise RuntimeError("❌ DATABASE_URL non trouvée. Vérifie ton .env ou ton docker-compose.yml")
RuntimeError: ❌ DATABASE_URL non trouvée. Vérifie ton .env ou ton docker-compose.yml
[2025-10-30T15:53:01.823+0000] {taskinstance.py:2698} ERROR - Task failed with exception
Traceback (most recent call last):
  File "/home/airflow/.local/lib/python3.8/site-packages/airflow/models/taskinstance.py", line 433, in _execute_task
    result = execute_callable(context=context, **execute_callable_kwargs)
  File "/home/airflow/.local/lib/python3.8/site-packages/airflow/operators/python.py", line 199, in execute
    return_value = self.execute_callable()
  File "/home/airflow/.local/lib/python3.8/site-packages/airflow/operators/python.py", line 216, in execute_callable
    return self.python_callable(*self.op_args, **self.op_kwargs)
  File "/opt/airflow/dags/reddit_pipeline_dag.py", line 80, in <lambda>
    python_callable=lambda: run_script(
  File "/opt/airflow/dags/reddit_pipeline_dag.py", line 46, in run_script
    raise RuntimeError(f"❌ Erreur dans {description}")
RuntimeError: ❌ Erreur dans Chargement des données vers NeonDB
[2025-10-30T15:53:01.843+0000] {taskinstance.py:1138} INFO - Marking task as UP_FOR_RETRY. dag_id=reddit_pipeline_dag, task_id=load_to_neondb, execution_date=20251030T140000, start_date=20251030T155300, end_date=20251030T155301
[2025-10-30T15:53:01.868+0000] {standard_task_runner.py:107} ERROR - Failed to execute job 34 for task load_to_neondb (❌ Erreur dans Chargement des données vers NeonDB; 281)
[2025-10-30T15:53:01.886+0000] {local_task_job_runner.py:234} INFO - Task exited with return code 1
[2025-10-30T15:53:01.923+0000] {taskinstance.py:3280} INFO - 0 downstream tasks scheduled from follow-on schedule check
[2025-10-30T15:59:14.748+0000] {taskinstance.py:1956} INFO - Dependencies all met for dep_context=non-requeueable deps ti=<TaskInstance: reddit_pipeline_dag.load_to_neondb scheduled__2025-10-30T14:00:00+00:00 [queued]>
[2025-10-30T15:59:14.755+0000] {taskinstance.py:1956} INFO - Dependencies all met for dep_context=requeueable deps ti=<TaskInstance: reddit_pipeline_dag.load_to_neondb scheduled__2025-10-30T14:00:00+00:00 [queued]>
[2025-10-30T15:59:14.755+0000] {taskinstance.py:2170} INFO - Starting attempt 1 of 2
[2025-10-30T15:59:14.766+0000] {taskinstance.py:2191} INFO - Executing <Task(PythonOperator): load_to_neondb> on 2025-10-30 14:00:00+00:00
[2025-10-30T15:59:14.774+0000] {standard_task_runner.py:60} INFO - Started process 523 to run task
[2025-10-30T15:59:14.778+0000] {standard_task_runner.py:87} INFO - Running: ['***', 'tasks', 'run', 'reddit_pipeline_dag', 'load_to_neondb', 'scheduled__2025-10-30T14:00:00+00:00', '--job-id', '41', '--raw', '--subdir', 'DAGS_FOLDER/reddit_pipeline_dag.py', '--cfg-path', '/tmp/tmpbo1tqd7v']
[2025-10-30T15:59:14.780+0000] {standard_task_runner.py:88} INFO - Job 41: Subtask load_to_neondb
[2025-10-30T15:59:14.819+0000] {task_command.py:423} INFO - Running <TaskInstance: reddit_pipeline_dag.load_to_neondb scheduled__2025-10-30T14:00:00+00:00 [running]> on host 45570051ff6d
[2025-10-30T15:59:14.890+0000] {taskinstance.py:2480} INFO - Exporting env vars: AIRFLOW_CTX_DAG_OWNER='loic_valentini' AIRFLOW_CTX_DAG_ID='reddit_pipeline_dag' AIRFLOW_CTX_TASK_ID='load_to_neondb' AIRFLOW_CTX_EXECUTION_DATE='2025-10-30T14:00:00+00:00' AIRFLOW_CTX_TRY_NUMBER='1' AIRFLOW_CTX_DAG_RUN_ID='scheduled__2025-10-30T14:00:00+00:00'
[2025-10-30T15:59:14.892+0000] {reddit_pipeline_dag.py:30} INFO - 🚀 Lancement de Chargement des données vers NeonDB ...
[2025-10-30T15:59:14.893+0000] {logging_mixin.py:188} INFO - 🚀 Lancement de Chargement des données vers NeonDB ...
[2025-10-30T15:59:15.567+0000] {reddit_pipeline_dag.py:44} ERROR - Traceback (most recent call last):
  File "/opt/***/src/load/load_to_neondb.py", line 13, in <module>
    raise RuntimeError("❌ DATABASE_URL non trouvée. Vérifie ton .env ou ton docker-compose.yml")
RuntimeError: ❌ DATABASE_URL non trouvée. Vérifie ton .env ou ton docker-compose.yml

[2025-10-30T15:59:15.568+0000] {logging_mixin.py:188} INFO - Traceback (most recent call last):
  File "/opt/***/src/load/load_to_neondb.py", line 13, in <module>
    raise RuntimeError("❌ DATABASE_URL non trouvée. Vérifie ton .env ou ton docker-compose.yml")
RuntimeError: ❌ DATABASE_URL non trouvée. Vérifie ton .env ou ton docker-compose.yml
[2025-10-30T15:59:15.569+0000] {taskinstance.py:2698} ERROR - Task failed with exception
Traceback (most recent call last):
  File "/home/airflow/.local/lib/python3.8/site-packages/airflow/models/taskinstance.py", line 433, in _execute_task
    result = execute_callable(context=context, **execute_callable_kwargs)
  File "/home/airflow/.local/lib/python3.8/site-packages/airflow/operators/python.py", line 199, in execute
    return_value = self.execute_callable()
  File "/home/airflow/.local/lib/python3.8/site-packages/airflow/operators/python.py", line 216, in execute_callable
    return self.python_callable(*self.op_args, **self.op_kwargs)
  File "/opt/airflow/dags/reddit_pipeline_dag.py", line 80, in <lambda>
    python_callable=lambda: run_script(
  File "/opt/airflow/dags/reddit_pipeline_dag.py", line 46, in run_script
    raise RuntimeError(f"❌ Erreur dans {description}")
RuntimeError: ❌ Erreur dans Chargement des données vers NeonDB
[2025-10-30T15:59:15.582+0000] {taskinstance.py:1138} INFO - Marking task as UP_FOR_RETRY. dag_id=reddit_pipeline_dag, task_id=load_to_neondb, execution_date=20251030T140000, start_date=20251030T155914, end_date=20251030T155915
[2025-10-30T15:59:15.592+0000] {standard_task_runner.py:107} ERROR - Failed to execute job 41 for task load_to_neondb (❌ Erreur dans Chargement des données vers NeonDB; 523)
[2025-10-30T15:59:15.632+0000] {local_task_job_runner.py:234} INFO - Task exited with return code 1
[2025-10-30T15:59:15.654+0000] {taskinstance.py:3280} INFO - 0 downstream tasks scheduled from follow-on schedule check
