[2025-10-30T16:04:23.119+0000] {taskinstance.py:1956} INFO - Dependencies all met for dep_context=non-requeueable deps ti=<TaskInstance: reddit_pipeline_dag.clean_reddit_data scheduled__2025-10-30T15:00:00+00:00 [queued]>
[2025-10-30T16:04:23.134+0000] {taskinstance.py:1956} INFO - Dependencies all met for dep_context=requeueable deps ti=<TaskInstance: reddit_pipeline_dag.clean_reddit_data scheduled__2025-10-30T15:00:00+00:00 [queued]>
[2025-10-30T16:04:23.136+0000] {taskinstance.py:2170} INFO - Starting attempt 1 of 2
[2025-10-30T16:04:23.155+0000] {taskinstance.py:2191} INFO - Executing <Task(PythonOperator): clean_reddit_data> on 2025-10-30 15:00:00+00:00
[2025-10-30T16:04:23.163+0000] {standard_task_runner.py:60} INFO - Started process 646 to run task
[2025-10-30T16:04:23.166+0000] {standard_task_runner.py:87} INFO - Running: ['***', 'tasks', 'run', 'reddit_pipeline_dag', 'clean_reddit_data', 'scheduled__2025-10-30T15:00:00+00:00', '--job-id', '44', '--raw', '--subdir', 'DAGS_FOLDER/reddit_pipeline_dag.py', '--cfg-path', '/tmp/tmpn0jj9xzd']
[2025-10-30T16:04:23.167+0000] {standard_task_runner.py:88} INFO - Job 44: Subtask clean_reddit_data
[2025-10-30T16:04:23.205+0000] {task_command.py:423} INFO - Running <TaskInstance: reddit_pipeline_dag.clean_reddit_data scheduled__2025-10-30T15:00:00+00:00 [running]> on host 45570051ff6d
[2025-10-30T16:04:23.270+0000] {taskinstance.py:2480} INFO - Exporting env vars: AIRFLOW_CTX_DAG_OWNER='loic_valentini' AIRFLOW_CTX_DAG_ID='reddit_pipeline_dag' AIRFLOW_CTX_TASK_ID='clean_reddit_data' AIRFLOW_CTX_EXECUTION_DATE='2025-10-30T15:00:00+00:00' AIRFLOW_CTX_TRY_NUMBER='1' AIRFLOW_CTX_DAG_RUN_ID='scheduled__2025-10-30T15:00:00+00:00'
[2025-10-30T16:04:23.272+0000] {reddit_pipeline_dag.py:30} INFO - 🚀 Lancement de Nettoyage des données Reddit ...
[2025-10-30T16:04:23.273+0000] {logging_mixin.py:188} INFO - 🚀 Lancement de Nettoyage des données Reddit ...
[2025-10-30T16:04:25.527+0000] {reddit_pipeline_dag.py:48} INFO - 🆕 Fichier brut: reddit_lakers_20251030_160422.csv
📥 100 lignes importées.
🔁 Fusion avec reddit_cleaned_20251030_155913.csv (123 lignes).
📊 123 lignes après dédoublonnage.
✅ Nettoyage sauvegardé : /opt/***/data/processed/reddit_cleaned_20251030_160425.csv

[2025-10-30T16:04:25.528+0000] {logging_mixin.py:188} INFO - 🆕 Fichier brut: reddit_lakers_20251030_160422.csv
📥 100 lignes importées.
🔁 Fusion avec reddit_cleaned_20251030_155913.csv (123 lignes).
📊 123 lignes après dédoublonnage.
✅ Nettoyage sauvegardé : /opt/***/data/processed/reddit_cleaned_20251030_160425.csv
[2025-10-30T16:04:25.529+0000] {logging_mixin.py:188} INFO - ✅ Nettoyage des données Reddit terminé avec succès.
[2025-10-30T16:04:25.529+0000] {python.py:201} INFO - Done. Returned value was: True
[2025-10-30T16:04:25.551+0000] {taskinstance.py:1138} INFO - Marking task as SUCCESS. dag_id=reddit_pipeline_dag, task_id=clean_reddit_data, execution_date=20251030T150000, start_date=20251030T160423, end_date=20251030T160425
[2025-10-30T16:04:25.570+0000] {local_task_job_runner.py:234} INFO - Task exited with return code 0
[2025-10-30T16:04:25.592+0000] {taskinstance.py:3280} INFO - 0 downstream tasks scheduled from follow-on schedule check
