[2025-10-30T17:00:00.526+0000] {taskinstance.py:1956} INFO - Dependencies all met for dep_context=non-requeueable deps ti=<TaskInstance: reddit_pipeline_dag.fetch_reddit_posts scheduled__2025-10-30T16:00:00+00:00 [queued]>
[2025-10-30T17:00:00.533+0000] {taskinstance.py:1956} INFO - Dependencies all met for dep_context=requeueable deps ti=<TaskInstance: reddit_pipeline_dag.fetch_reddit_posts scheduled__2025-10-30T16:00:00+00:00 [queued]>
[2025-10-30T17:00:00.533+0000] {taskinstance.py:2170} INFO - Starting attempt 1 of 2
[2025-10-30T17:00:00.542+0000] {taskinstance.py:2191} INFO - Executing <Task(PythonOperator): fetch_reddit_posts> on 2025-10-30 16:00:00+00:00
[2025-10-30T17:00:00.548+0000] {standard_task_runner.py:60} INFO - Started process 1264 to run task
[2025-10-30T17:00:00.551+0000] {standard_task_runner.py:87} INFO - Running: ['***', 'tasks', 'run', 'reddit_pipeline_dag', 'fetch_reddit_posts', 'scheduled__2025-10-30T16:00:00+00:00', '--job-id', '47', '--raw', '--subdir', 'DAGS_FOLDER/reddit_pipeline_dag.py', '--cfg-path', '/tmp/tmp0yypo5su']
[2025-10-30T17:00:00.553+0000] {standard_task_runner.py:88} INFO - Job 47: Subtask fetch_reddit_posts
[2025-10-30T17:00:00.591+0000] {task_command.py:423} INFO - Running <TaskInstance: reddit_pipeline_dag.fetch_reddit_posts scheduled__2025-10-30T16:00:00+00:00 [running]> on host 45570051ff6d
[2025-10-30T17:00:00.650+0000] {taskinstance.py:2480} INFO - Exporting env vars: AIRFLOW_CTX_DAG_OWNER='loic_valentini' AIRFLOW_CTX_DAG_ID='reddit_pipeline_dag' AIRFLOW_CTX_TASK_ID='fetch_reddit_posts' AIRFLOW_CTX_EXECUTION_DATE='2025-10-30T16:00:00+00:00' AIRFLOW_CTX_TRY_NUMBER='1' AIRFLOW_CTX_DAG_RUN_ID='scheduled__2025-10-30T16:00:00+00:00'
[2025-10-30T17:00:00.651+0000] {reddit_pipeline_dag.py:30} INFO - 🚀 Lancement de Ingestion des posts Reddit ...
[2025-10-30T17:00:00.652+0000] {logging_mixin.py:188} INFO - 🚀 Lancement de Ingestion des posts Reddit ...
[2025-10-30T17:00:04.498+0000] {reddit_pipeline_dag.py:48} INFO - 🔄 Lancement de la collecte Reddit...
❌ Erreur : HTTPSConnectionPool(host='www.reddit.com', port=443): Max retries exceeded with url: /r/lakers/new.json?limit=100 (Caused by NewConnectionError('<urllib3.connection.HTTPSConnection object at 0x7f8d08b59460>: Failed to establish a new connection: [Errno -2] Name or service not known'))

[2025-10-30T17:00:04.499+0000] {logging_mixin.py:188} INFO - 🔄 Lancement de la collecte Reddit...
❌ Erreur : HTTPSConnectionPool(host='www.reddit.com', port=443): Max retries exceeded with url: /r/lakers/new.json?limit=100 (Caused by NewConnectionError('<urllib3.connection.HTTPSConnection object at 0x7f8d08b59460>: Failed to establish a new connection: [Errno -2] Name or service not known'))
[2025-10-30T17:00:04.500+0000] {logging_mixin.py:188} INFO - ✅ Ingestion des posts Reddit terminé avec succès.
[2025-10-30T17:00:04.500+0000] {python.py:201} INFO - Done. Returned value was: True
[2025-10-30T17:00:04.521+0000] {taskinstance.py:1138} INFO - Marking task as SUCCESS. dag_id=reddit_pipeline_dag, task_id=fetch_reddit_posts, execution_date=20251030T160000, start_date=20251030T170000, end_date=20251030T170004
[2025-10-30T17:00:04.546+0000] {local_task_job_runner.py:234} INFO - Task exited with return code 0
[2025-10-30T17:00:04.569+0000] {taskinstance.py:3280} INFO - 1 downstream tasks scheduled from follow-on schedule check
