[2025-10-30T15:53:32.329+0000] {taskinstance.py:1956} INFO - Dependencies all met for dep_context=non-requeueable deps ti=<TaskInstance: reddit_pipeline_dag.fetch_reddit_posts manual__2025-10-30T15:53:31.345578+00:00 [queued]>
[2025-10-30T15:53:32.338+0000] {taskinstance.py:1956} INFO - Dependencies all met for dep_context=requeueable deps ti=<TaskInstance: reddit_pipeline_dag.fetch_reddit_posts manual__2025-10-30T15:53:31.345578+00:00 [queued]>
[2025-10-30T15:53:32.339+0000] {taskinstance.py:2170} INFO - Starting attempt 1 of 2
[2025-10-30T15:53:32.351+0000] {taskinstance.py:2191} INFO - Executing <Task(PythonOperator): fetch_reddit_posts> on 2025-10-30 15:53:31.345578+00:00
[2025-10-30T15:53:32.358+0000] {standard_task_runner.py:60} INFO - Started process 312 to run task
[2025-10-30T15:53:32.361+0000] {standard_task_runner.py:87} INFO - Running: ['***', 'tasks', 'run', 'reddit_pipeline_dag', 'fetch_reddit_posts', 'manual__2025-10-30T15:53:31.345578+00:00', '--job-id', '35', '--raw', '--subdir', 'DAGS_FOLDER/reddit_pipeline_dag.py', '--cfg-path', '/tmp/tmp6aydeu8k']
[2025-10-30T15:53:32.363+0000] {standard_task_runner.py:88} INFO - Job 35: Subtask fetch_reddit_posts
[2025-10-30T15:53:32.404+0000] {task_command.py:423} INFO - Running <TaskInstance: reddit_pipeline_dag.fetch_reddit_posts manual__2025-10-30T15:53:31.345578+00:00 [running]> on host 45570051ff6d
[2025-10-30T15:53:32.472+0000] {taskinstance.py:2480} INFO - Exporting env vars: AIRFLOW_CTX_DAG_OWNER='loic_valentini' AIRFLOW_CTX_DAG_ID='reddit_pipeline_dag' AIRFLOW_CTX_TASK_ID='fetch_reddit_posts' AIRFLOW_CTX_EXECUTION_DATE='2025-10-30T15:53:31.345578+00:00' AIRFLOW_CTX_TRY_NUMBER='1' AIRFLOW_CTX_DAG_RUN_ID='manual__2025-10-30T15:53:31.345578+00:00'
[2025-10-30T15:53:32.474+0000] {reddit_pipeline_dag.py:30} INFO - 🚀 Lancement de Ingestion des posts Reddit ...
[2025-10-30T15:53:32.474+0000] {logging_mixin.py:188} INFO - 🚀 Lancement de Ingestion des posts Reddit ...
[2025-10-30T15:53:34.733+0000] {reddit_pipeline_dag.py:48} INFO - 🔄 Lancement de la collecte Reddit...
✅ 100 posts récupérés depuis r/lakers
💾 Données sauvegardées dans /opt/***/data/raw/reddit_lakers_20251030_155334.csv
✅ Fin du script : 100 posts enregistrés avec succès.

[2025-10-30T15:53:34.734+0000] {logging_mixin.py:188} INFO - 🔄 Lancement de la collecte Reddit...
✅ 100 posts récupérés depuis r/lakers
💾 Données sauvegardées dans /opt/***/data/raw/reddit_lakers_20251030_155334.csv
✅ Fin du script : 100 posts enregistrés avec succès.
[2025-10-30T15:53:34.734+0000] {logging_mixin.py:188} INFO - ✅ Ingestion des posts Reddit terminé avec succès.
[2025-10-30T15:53:34.735+0000] {python.py:201} INFO - Done. Returned value was: True
[2025-10-30T15:53:34.757+0000] {taskinstance.py:1138} INFO - Marking task as SUCCESS. dag_id=reddit_pipeline_dag, task_id=fetch_reddit_posts, execution_date=20251030T155331, start_date=20251030T155332, end_date=20251030T155334
[2025-10-30T15:53:34.787+0000] {local_task_job_runner.py:234} INFO - Task exited with return code 0
[2025-10-30T15:53:34.810+0000] {taskinstance.py:3280} INFO - 1 downstream tasks scheduled from follow-on schedule check
