[2025-10-30T16:04:19.997+0000] {taskinstance.py:1956} INFO - Dependencies all met for dep_context=non-requeueable deps ti=<TaskInstance: reddit_pipeline_dag.fetch_reddit_posts scheduled__2025-10-30T15:00:00+00:00 [queued]>
[2025-10-30T16:04:20.004+0000] {taskinstance.py:1956} INFO - Dependencies all met for dep_context=requeueable deps ti=<TaskInstance: reddit_pipeline_dag.fetch_reddit_posts scheduled__2025-10-30T15:00:00+00:00 [queued]>
[2025-10-30T16:04:20.005+0000] {taskinstance.py:2170} INFO - Starting attempt 1 of 2
[2025-10-30T16:04:20.016+0000] {taskinstance.py:2191} INFO - Executing <Task(PythonOperator): fetch_reddit_posts> on 2025-10-30 15:00:00+00:00
[2025-10-30T16:04:20.022+0000] {standard_task_runner.py:60} INFO - Started process 620 to run task
[2025-10-30T16:04:20.025+0000] {standard_task_runner.py:87} INFO - Running: ['***', 'tasks', 'run', 'reddit_pipeline_dag', 'fetch_reddit_posts', 'scheduled__2025-10-30T15:00:00+00:00', '--job-id', '43', '--raw', '--subdir', 'DAGS_FOLDER/reddit_pipeline_dag.py', '--cfg-path', '/tmp/tmp2610ny68']
[2025-10-30T16:04:20.027+0000] {standard_task_runner.py:88} INFO - Job 43: Subtask fetch_reddit_posts
[2025-10-30T16:04:20.066+0000] {task_command.py:423} INFO - Running <TaskInstance: reddit_pipeline_dag.fetch_reddit_posts scheduled__2025-10-30T15:00:00+00:00 [running]> on host 45570051ff6d
[2025-10-30T16:04:20.138+0000] {taskinstance.py:2480} INFO - Exporting env vars: AIRFLOW_CTX_DAG_OWNER='loic_valentini' AIRFLOW_CTX_DAG_ID='reddit_pipeline_dag' AIRFLOW_CTX_TASK_ID='fetch_reddit_posts' AIRFLOW_CTX_EXECUTION_DATE='2025-10-30T15:00:00+00:00' AIRFLOW_CTX_TRY_NUMBER='1' AIRFLOW_CTX_DAG_RUN_ID='scheduled__2025-10-30T15:00:00+00:00'
[2025-10-30T16:04:20.139+0000] {reddit_pipeline_dag.py:30} INFO - 🚀 Lancement de Ingestion des posts Reddit ...
[2025-10-30T16:04:20.140+0000] {logging_mixin.py:188} INFO - 🚀 Lancement de Ingestion des posts Reddit ...
[2025-10-30T16:04:22.087+0000] {reddit_pipeline_dag.py:48} INFO - 🔄 Lancement de la collecte Reddit...
✅ 100 posts récupérés depuis r/lakers
💾 Données sauvegardées dans /opt/***/data/raw/reddit_lakers_20251030_160422.csv
✅ Fin du script : 100 posts enregistrés avec succès.

[2025-10-30T16:04:22.089+0000] {logging_mixin.py:188} INFO - 🔄 Lancement de la collecte Reddit...
✅ 100 posts récupérés depuis r/lakers
💾 Données sauvegardées dans /opt/***/data/raw/reddit_lakers_20251030_160422.csv
✅ Fin du script : 100 posts enregistrés avec succès.
[2025-10-30T16:04:22.090+0000] {logging_mixin.py:188} INFO - ✅ Ingestion des posts Reddit terminé avec succès.
[2025-10-30T16:04:22.091+0000] {python.py:201} INFO - Done. Returned value was: True
[2025-10-30T16:04:22.114+0000] {taskinstance.py:1138} INFO - Marking task as SUCCESS. dag_id=reddit_pipeline_dag, task_id=fetch_reddit_posts, execution_date=20251030T150000, start_date=20251030T160419, end_date=20251030T160422
[2025-10-30T16:04:22.165+0000] {local_task_job_runner.py:234} INFO - Task exited with return code 0
[2025-10-30T16:04:22.188+0000] {taskinstance.py:3280} INFO - 1 downstream tasks scheduled from follow-on schedule check
